// Jest Snapshot v1, https://goo.gl/fbAQLP

exports[`App component renders App 1`] = `
<DocumentFragment>
  <div>
    <div>
      <h1>
        Loading
      </h1>
      <ul
        aria-label="cards"
      />
    </div>
  </div>
</DocumentFragment>
`;
